// Vitest Snapshot v1, https://vitest.dev/guide/snapshot.html

exports[`initializing test  > init 1`] = `[Function]`;
